Open connection
Execute scalar command: select count(*) from [SchemaVersions]
Dispose command
Execute reader command: select [ScriptName] from [SchemaVersions] order by [ScriptName]
Dispose command
Execute non query command: error
Dispose command
Dispose connection