DB Operation: Open connection
DB Operation: Execute scalar command: select 1 from INFORMATION_SCHEMA.TABLES where TABLE_NAME = 'SchemaVersions' and TABLE_SCHEMA = 'dbo'
DB Operation: Dispose command
DB Operation: Execute non query command: error
DB Operation: Dispose command
DB Operation: Dispose connection
